src/pages/AccountsPage.tsx(38,7): error TS6133: 'accountTypeColors' is declared but its value is never read.
src/pages/AccountsPage.tsx(343,7): error TS6133: 'CloseIcon' is declared but its value is never read.
src/pages/AnalyticsPage.tsx(3,1): error TS6192: All imports in import declaration are unused.
src/pages/AnalyticsPage.tsx(22,3): error TS6133: 'Download' is declared but its value is never read.
src/pages/AnalyticsPage.tsx(23,3): error TS6133: 'Calendar' is declared but its value is never read.
src/pages/AnalyticsPage.tsx(27,3): error TS6133: 'TrendingDown' is declared but its value is never read.
src/pages/AnalyticsPage.tsx(29,3): error TS6133: 'Search' is declared but its value is never read.
src/pages/AnalyticsPage.tsx(34,1): error TS6133: 'PremiumButton' is declared but its value is never read.
src/pages/BudgetPage.tsx(18,1): error TS6133: 'PremiumBadge' is declared but its value is never read.
src/pages/DashboardPage.tsx(119,9): error TS2304: Cannot find name 'setBudgetStatus'.
