src/components/AiMoneyAssistant.tsx(4,1): error TS6133: 'PremiumCard' is declared but its value is never read.
src/components/Layout/Sidebar.tsx(11,3): error TS6133: 'Bell' is declared but its value is never read.
src/components/Layout/Sidebar.tsx(12,3): error TS6133: 'User' is declared but its value is never read.
src/components/Transactions/TransactionCard.tsx(2,1): error TS6133: 'motion' is declared but its value is never read.
src/components/Transactions/TransactionCard.tsx(4,3): error TS6133: 'Receipt' is declared but its value is never read.
src/components/Transactions/TransactionCard.tsx(7,3): error TS6133: 'Tag' is declared but its value is never read.
src/pages/AccountsPage.tsx(14,3): error TS6133: 'ChevronRight' is declared but its value is never read.
src/pages/AccountsPage.tsx(15,3): error TS6133: 'MoreVertical' is declared but its value is never read.
src/pages/AccountsPage.tsx(16,3): error TS6133: 'ArrowUpRight' is declared but its value is never read.
src/pages/AccountsPage.tsx(17,3): error TS6133: 'ArrowDownRight' is declared but its value is never read.
src/pages/AccountsPage.tsx(159,19): error TS6133: 'cardVariant' is declared but its value is never read.
src/pages/AccountsPage.tsx(294,24): error TS2304: Cannot find name 'ChevronDown'.
src/pages/AnalyticsPage.tsx(3,1): error TS6192: All imports in import declaration are unused.
src/pages/AnalyticsPage.tsx(22,3): error TS6133: 'Download' is declared but its value is never read.
src/pages/AnalyticsPage.tsx(23,3): error TS6133: 'Calendar' is declared but its value is never read.
src/pages/AnalyticsPage.tsx(27,3): error TS6133: 'TrendingDown' is declared but its value is never read.
src/pages/AnalyticsPage.tsx(29,3): error TS6133: 'Search' is declared but its value is never read.
src/pages/AnalyticsPage.tsx(34,1): error TS6133: 'PremiumButton' is declared but its value is never read.
src/pages/BudgetPage.tsx(18,1): error TS6133: 'PremiumBadge' is declared but its value is never read.
src/pages/DashboardPage.tsx(119,9): error TS2304: Cannot find name 'setBudgetStatus'.
src/pages/GoalsPage.tsx(16,3): error TS6133: 'ArrowRight' is declared but its value is never read.
src/pages/RecurringTransactionsPage.tsx(8,3): error TS6133: 'Layers' is declared but its value is never read.
src/pages/RecurringTransactionsPage.tsx(16,3): error TS6133: 'CreditCard' is declared but its value is never read.
src/pages/TransactionsPage.tsx(9,3): error TS6133: 'Filter' is declared but its value is never read.
src/pages/TransactionsPage.tsx(10,3): error TS6133: 'BarChart3' is declared but its value is never read.
src/pages/TransactionsPage.tsx(11,3): error TS6133: 'Calendar' is declared but its value is never read.
