[INFO] Scanning for projects...
[INFO] 
[INFO] -------------< com.financetracker:finance-tracker-backend >-------------
[INFO] Building Finance Tracker Backend 1.0.0
[INFO]   from pom.xml
[INFO] --------------------------------[ jar ]---------------------------------
[INFO] 
[INFO] --- clean:3.3.2:clean (default-clean) @ finance-tracker-backend ---
[INFO] Deleting C:\Users\pruthviraj\OneDrive\Desktop\jdk\Finance_Tracker\finance-tracker\backend\target
[INFO] 
[INFO] --- resources:3.3.1:resources (default-resources) @ finance-tracker-backend ---
[INFO] Copying 1 resource from src\main\resources to target\classes
[INFO] Copying 1 resource from src\main\resources to target\classes
[INFO] 
[INFO] --- compiler:3.11.0:compile (default-compile) @ finance-tracker-backend ---
[INFO] Changes detected - recompiling the module! :source
[INFO] Compiling 95 source files with javac [debug release 17] to target\classes
[INFO] -------------------------------------------------------------
[ERROR] COMPILATION ERROR : 
[INFO] -------------------------------------------------------------
[ERROR] /C:/Users/pruthviraj/OneDrive/Desktop/jdk/Finance_Tracker/finance-tracker/backend/src/main/java/com/financetracker/backend/config/RateLimitFilter.java:[3,26] package io.github.bucket4j does not exist
[ERROR] /C:/Users/pruthviraj/OneDrive/Desktop/jdk/Finance_Tracker/finance-tracker/backend/src/main/java/com/financetracker/backend/config/RateLimitFilter.java:[4,26] package io.github.bucket4j does not exist
[ERROR] /C:/Users/pruthviraj/OneDrive/Desktop/jdk/Finance_Tracker/finance-tracker/backend/src/main/java/com/financetracker/backend/config/RateLimitFilter.java:[21,31] cannot find symbol
  symbol:   class Bucket
  location: class com.financetracker.backend.config.RateLimitFilter
[ERROR] /C:/Users/pruthviraj/OneDrive/Desktop/jdk/Finance_Tracker/finance-tracker/backend/src/main/java/com/financetracker/backend/config/RateLimitFilter.java:[23,13] cannot find symbol
  symbol:   class Bucket
  location: class com.financetracker.backend.config.RateLimitFilter
[ERROR] /C:/Users/pruthviraj/OneDrive/Desktop/jdk/Finance_Tracker/finance-tracker/backend/src/main/java/com/financetracker/backend/config/RateLimitFilter.java:[24,16] cannot find symbol
  symbol:   variable Bucket
  location: class com.financetracker.backend.config.RateLimitFilter
[ERROR] /C:/Users/pruthviraj/OneDrive/Desktop/jdk/Finance_Tracker/finance-tracker/backend/src/main/java/com/financetracker/backend/config/RateLimitFilter.java:[25,27] cannot find symbol
  symbol:   variable Bandwidth
  location: class com.financetracker.backend.config.RateLimitFilter
[ERROR] /C:/Users/pruthviraj/OneDrive/Desktop/jdk/Finance_Tracker/finance-tracker/backend/src/main/java/com/financetracker/backend/config/RateLimitFilter.java:[42,9] cannot find symbol
  symbol:   class Bucket
  location: class com.financetracker.backend.config.RateLimitFilter
[INFO] 7 errors 
[INFO] -------------------------------------------------------------
[INFO] ------------------------------------------------------------------------
[INFO] BUILD FAILURE
[INFO] ------------------------------------------------------------------------
[INFO] Total time:  5.718 s
[INFO] Finished at: 2026-04-09T12:57:26+05:30
[INFO] ------------------------------------------------------------------------
[ERROR] Failed to execute goal org.apache.maven.plugins:maven-compiler-plugin:3.11.0:compile (default-compile) on project finance-tracker-backend: Compilation failure: Compilation failure: 
[ERROR] /C:/Users/pruthviraj/OneDrive/Desktop/jdk/Finance_Tracker/finance-tracker/backend/src/main/java/com/financetracker/backend/config/RateLimitFilter.java:[3,26] package io.github.bucket4j does not exist
[ERROR] /C:/Users/pruthviraj/OneDrive/Desktop/jdk/Finance_Tracker/finance-tracker/backend/src/main/java/com/financetracker/backend/config/RateLimitFilter.java:[4,26] package io.github.bucket4j does not exist
[ERROR] /C:/Users/pruthviraj/OneDrive/Desktop/jdk/Finance_Tracker/finance-tracker/backend/src/main/java/com/financetracker/backend/config/RateLimitFilter.java:[21,31] cannot find symbol
[ERROR]   symbol:   class Bucket
[ERROR]   location: class com.financetracker.backend.config.RateLimitFilter
[ERROR] /C:/Users/pruthviraj/OneDrive/Desktop/jdk/Finance_Tracker/finance-tracker/backend/src/main/java/com/financetracker/backend/config/RateLimitFilter.java:[23,13] cannot find symbol
[ERROR]   symbol:   class Bucket
[ERROR]   location: class com.financetracker.backend.config.RateLimitFilter
[ERROR] /C:/Users/pruthviraj/OneDrive/Desktop/jdk/Finance_Tracker/finance-tracker/backend/src/main/java/com/financetracker/backend/config/RateLimitFilter.java:[24,16] cannot find symbol
[ERROR]   symbol:   variable Bucket
[ERROR]   location: class com.financetracker.backend.config.RateLimitFilter
[ERROR] /C:/Users/pruthviraj/OneDrive/Desktop/jdk/Finance_Tracker/finance-tracker/backend/src/main/java/com/financetracker/backend/config/RateLimitFilter.java:[25,27] cannot find symbol
[ERROR]   symbol:   variable Bandwidth
[ERROR]   location: class com.financetracker.backend.config.RateLimitFilter
[ERROR] /C:/Users/pruthviraj/OneDrive/Desktop/jdk/Finance_Tracker/finance-tracker/backend/src/main/java/com/financetracker/backend/config/RateLimitFilter.java:[42,9] cannot find symbol
[ERROR]   symbol:   class Bucket
[ERROR]   location: class com.financetracker.backend.config.RateLimitFilter
[ERROR] -> [Help 1]
[ERROR] 
[ERROR] To see the full stack trace of the errors, re-run Maven with the -e switch.
[ERROR] Re-run Maven using the -X switch to enable full debug logging.
[ERROR] 
[ERROR] For more information about the errors and possible solutions, please read the following articles:
[ERROR] [Help 1] http://cwiki.apache.org/confluence/display/MAVEN/MojoFailureException
